U-Boot 2010.06 (Aug 03 2019 - 11:01:00)

Check spi flash controller v350... Found
Spi(cs1) ID: 0xC8 0x40 0x18 0xC8 0x40 0x18
Spi(cs1): Block:64KB Chip:16MB Name:"GD25Q128"
In:    serial
Out:   serial
Err:   serial
USB:   scanning bus for devices... 2 USB Device(s) found
usb_stor_get_info->1422,blksz:512
1 Storage Device(s) found
Interface:  USB
  Device 0: Vendor: JetFlash Rev: 1100 Prod: Transcend 16GB
            Type: Removable Hard Disk
            Capacity: 15480.0 MB = 15.1 GB (31703040 x 512)
Partition 1: Filesystem: FAT32 "NO NAME    "
reading u-boot.hi3520dv200
reading kernel.hi3520dv200
reading rootfs.hi3520dv200
Hit any key to stop autoboot:  0
16384 KiB hi_sfc at 0:0 is now current device

## Booting kernel from Legacy Image at 82000000 ...
   Image Name:   Linux-3.0.83.2.0
   Image Type:   ARM Linux Kernel Image (uncompressed)
   Data Size:    3195984 Bytes = 3 MiB
   Load Address: 80008000
   Entry Point:  80008000
   Loading Kernel Image ... OK
OK

Starting kernel ...

Uncompressing Linux... done, booting the kernel.
Linux version 3.0.83.2.0 (lsl@lsl-pc) (gcc version 4.4.1 (Hisilicon_v100(gcc4.4-290+uclibc_0.9.32.1+eabi+linuxpthread)) ) #3 Sat Aug 3 10:18:30 CST 2019
CPU: ARMv7 Processor [414fc091] revision 1 (ARMv7), cr=10c53c7f
CPU: VIPT nonaliasing data cache, VIPT aliasing instruction cache
Machine: hi3520d
Memory policy: ECC disabled, Data cache writeback
Built 1 zonelists in Zone order, mobility grouping on.  Total pages: 16256
Kernel command line: mem=64M console=ttyAMA0,115200 root=/dev/mtdblock2 rootfstype=jffs2 mtdparts=hi_sfc:1M(boot),4M(kernel),11M(rootfs)
PID hash table entries: 256 (order: -2, 1024 bytes)
Dentry cache hash table entries: 8192 (order: 3, 32768 bytes)
Inode-cache hash table entries: 4096 (order: 2, 16384 bytes)
Memory: 64MB = 64MB total
Memory: 58648k/58648k available, 6888k reserved, 0K highmem
Virtual kernel memory layout:
    vector  : 0xffff0000 - 0xffff1000   (   4 kB)
    fixmap  : 0xfff00000 - 0xfffe0000   ( 896 kB)
    DMA     : 0xffc00000 - 0xffe00000   (   2 MB)
    vmalloc : 0xc4800000 - 0xfe000000   ( 920 MB)
    lowmem  : 0xc0000000 - 0xc4000000   (  64 MB)
    modules : 0xbf000000 - 0xc0000000   (  16 MB)
      .init : 0xc0008000 - 0xc002b000   ( 140 kB)
      .text : 0xc002b000 - 0xc05a3000   (5600 kB)
      .data : 0xc05a4000 - 0xc05c6d20   ( 140 kB)
       .bss : 0xc05c6d44 - 0xc0621528   ( 362 kB)
SLUB: Genslabs=13, HWalign=32, Order=0-3, MinObjects=0, CPUs=1, Nodes=1
NR_IRQS:128 nr_irqs:128 128
sched_clock: 32 bits at 82MHz, resolution 12ns, wraps every 52060ms
Console: colour dummy device 80x30
Calibrating delay loop... 1318.91 BogoMIPS (lpj=6594560)
pid_max: default: 32768 minimum: 301
Mount-cache hash table entries: 512
CPU: Testing write buffer coherency: ok
NET: Registered protocol family 16
Serial: AMBA PL011 UART driver
uart:0: ttyAMA0 at MMIO 0x20080000 (irq = 40) is a PL011 rev2
console [ttyAMA0] enabled
uart:1: ttyAMA1 at MMIO 0x20090000 (irq = 41) is a PL011 rev2
bio: create slab <bio-0> at 0
SCSI subsystem initialized
usbcore: registered new interface driver usbfs
usbcore: registered new interface driver hub
usbcore: registered new device driver usb
cfg80211: Calling CRDA to update world regulatory domain
Switching to clocksource timer1
NET: Registered protocol family 2
IP route cache hash table entries: 1024 (order: 0, 4096 bytes)
TCP established hash table entries: 2048 (order: 2, 16384 bytes)
TCP bind hash table entries: 2048 (order: 1, 8192 bytes)
TCP: Hash tables configured (established 2048 bind 2048)
TCP reno registered
UDP hash table entries: 256 (order: 0, 4096 bytes)
UDP-Lite hash table entries: 256 (order: 0, 4096 bytes)
NET: Registered protocol family 1
RPC: Registered named UNIX socket transport module.
RPC: Registered udp transport module.
RPC: Registered tcp transport module.
RPC: Registered tcp NFSv4.1 backchannel transport module.
NetWinder Floating Point Emulator V0.97 (double precision)
L2cache cache controller enabled
VFS: Disk quotas dquot_6.5.2
Dquot-cache hash table entries: 1024 (order 0, 4096 bytes)
JFFS2 version 2.2. (NAND) © 2001-2006 Red Hat, Inc.
fuse init (API version 7.16)
SGI XFS with security attributes, large block/inode numbers, no debug enabled
msgmni has been set to 114
Block layer SCSI generic (bsg) driver version 0.4 loaded (major 254)
io scheduler noop registered
io scheduler deadline registered (default)
io scheduler cfq registered
brd: module loaded
loop: module loaded
ahci: SSS flag set, parallel bus scan disabled
ahci ahci.0: AHCI 0001.0200 32 slots 2 ports 3 Gbps 0x3 impl platform mode
ahci ahci.0: flags: ncq sntf stag pm led clo only pmp pio slum part ccc sxs boh
scsi0 : ahci_platform
scsi1 : ahci_platform
ata1: SATA max UDMA/133 mmio [mem 0x10080000-0x1008ffff] port 0x100 irq 52
ata2: SATA max UDMA/133 mmio [mem 0x10080000-0x1008ffff] port 0x180 irq 52
Spi id table Version 1.22
Spi(cs1) ID: 0xC8 0x40 0x18 0xC8 0x40 0x18
SPI FLASH start_up_mode is 3 Bytes
Spi(cs1):
Block:64KB
Chip:16MB
Name:"GD25Q128"
spi size: 16MB
chip num: 1
3 cmdlinepart partitions found on MTD device hi_sfc
Creating 3 MTD partitions on "hi_sfc":
0x000000000000-0x000000100000 : "boot"
0x000000100000-0x000000500000 : "kernel"
0x000000500000-0x000001000000 : "rootfs"
Fixed MDIO Bus: probed
ata1: SATA link down (SStatus 0 SControl 300)
himii: probed
ata2: SATA link down (SStatus 0 SControl 300)
Invalid HW-MAC Address: 00:00:00:00:00:00
Set Random MAC address: DE:5E:9B:F8:10:B3
usbmon: debugfs is not available
ehci_hcd: USB 2.0 'Enhanced' Host Controller (EHCI) Driver
hiusb-ehci hiusb-ehci.0: HIUSB EHCI
hiusb-ehci hiusb-ehci.0: new USB bus registered, assigned bus number 1
hiusb-ehci hiusb-ehci.0: irq 53, io mem 0x100b0000
hiusb-ehci hiusb-ehci.0: USB 0.0 started, EHCI 1.00
hub 1-0:1.0: USB hub found
hub 1-0:1.0: 2 ports detected
ohci_hcd: USB 1.1 'Open' Host Controller (OHCI) Driver
hiusb-ohci hiusb-ohci.0: HIUSB OHCI
hiusb-ohci hiusb-ohci.0: new USB bus registered, assigned bus number 2
hiusb-ohci hiusb-ohci.0: irq 54, io mem 0x100a0000
hub 2-0:1.0: USB hub found
hub 2-0:1.0: 2 ports detected
usbcore: registered new interface driver cdc_acm
cdc_acm: USB Abstract Control Model driver for USB modems and ISDN adapters
usbcore: registered new interface driver cdc_wdm
Initializing USB Mass Storage driver...
usbcore: registered new interface driver usb-storage
USB Mass Storage support registered.
usbcore: registered new interface driver ums-alauda
usbcore: registered new interface driver ums-datafab
usbcore: registered new interface driver ums-freecom
usbcore: registered new interface driver ums-isd200
usbcore: registered new interface driver ums-jumpshot
usbcore: registered new interface driver ums-sddr09
usbcore: registered new interface driver ums-sddr55
usbcore: registered new interface driver mdc800
mdc800: v0.7.5 (30/10/2000):USB Driver for Mustek MDC800 Digital Camera
mousedev: PS/2 mouse device common for all mice
usbcore: registered new interface driver usbhid
usbhid: USB HID core driver
TCP cubic registered
Initializing XFRM netlink socket
NET: Registered protocol family 10
IPv6 over IPv4 tunneling driver
NET: Registered protocol family 17
NET: Registered protocol family 15
lib80211: common routines for IEEE802.11 drivers
Registering the dns_resolver key type
registered taskstats version 1
VFS: Mounted root (jffs2 filesystem) on device 31:2.
Freeing init memory: 140K
usb 1-1: new high speed USB device number 2 using hiusb-ehci

            _ _ _ _ _ _ _ _ _ _ _ _
            \  _  _scsi2 : usb-storage 1-1:1.0
   _  _ _ ___
            / /__/ \ |_/
           / __   /  -  _ ___
          / /  / /  / /
  _ _ _ _/ /  /  \_/  \_ ______
___________\___\__________________

[RCS]: /etc/init.d/S00devs
[RCS]: /etc/init.d/S01udev
Jan  1 00:00:01 udevd (537): /proc/537/oom_adj is deprecated, please use /proc/537/oom_score_adj instead.
udevd[537]: main: error opening /dev/null: No such file or directory
[RCS]: /etc/init.d/S80network
ADDRCONF(NETDEV_UP): eth0: link is not ready
scsi 2:0:0:0: Direct-Access     JetFlash Transcend 16GB   1100 PQ: 0 ANSI: 4
sd 2:0:0:0: [sda] 31703040 512-byte logical blocks: (16.2 GB/15.1 GiB)
sd 2:0:0:0: Attached scsi generic sg0 type 0
sd 2:0:0:0: [sda] Write Protect is off
sd 2:0:0:0: [sda] No Caching mode page present
sd 2:0:0:0: [sda] Assuming drive cache: write through
sd 2:0:0:0: [sda] No Caching mode page present
sd 2:0:0:0: [sda] Assuming drive cache: write through
 sda: sda1
sd 2:0:0:0: [sda] No Caching mode page present
sd 2:0:0:0: [sda] Assuming drive cache: write through
sd 2:0:0:0: [sda] Attached SCSI removable disk
PHY: himii:03 - Link is Up - 100/Full
ADDRCONF(NETDEV_CHANGE): eth0: link becomes ready
mount: RPC: Unable to receive; errno = Connection refused
Auto login as root ...
Jan  1 00:00:05 login[571]: root login on 'ttyS000'
Welcome to HiLinux.
None of nfsroot found in cmdline.
#
# cat /proc/cpuinfo
Processor       : ARMv7 Processor rev 1 (v7l)
BogoMIPS        : 1318.91
Features        : swp half thumb fastmult edsp
CPU implementer : 0x41
CPU architecture: 7
CPU variant     : 0x4
CPU part        : 0xc09
CPU revision    : 1

Hardware        : hi3520d
Revision        : 0000
Serial          : 0000000000000000




############################################################################################################################

U-Boot 2010.06 (Aug 03 2019 - 11:01:00)

Check spi flash controller v350... Found
Spi(cs1) ID: 0xC8 0x40 0x18 0xC8 0x40 0x18
Spi(cs1): Block:64KB Chip:16MB Name:"GD25Q128"
In:    serial
Out:   serial
Err:   serial
USB:   scanning bus for devices... 2 USB Device(s) found
usb_stor_get_info->1422,blksz:512
1 Storage Device(s) found
Interface:  USB
  Device 0: Vendor: JetFlash Rev: 1100 Prod: Transcend 16GB
            Type: Removable Hard Disk
            Capacity: 15480.0 MB = 15.1 GB (31703040 x 512)
Partition 1: Filesystem: FAT32 "NO NAME    "
reading u-boot.hi3520dv200
reading kernel.hi3520dv200
reading rootfs.hi3520dv200
Hit any key to stop autoboot:  0
hisilicon #
hisilicon #
hisilicon # pri
bootdelay=1
baudrate=115200
ethaddr=00:00:23:34:45:66
ipaddr=192.168.1.10
serverip=192.168.1.2
netmask=255.255.254.0
bootfile="uImage"
bootargs=mem=64M console=ttyAMA0,115200 root=/dev/mtdblock2 rootfstype=jffs2 mtdparts=hi_sfc:1M(boot),4M(kernel),11M(rootfs)
bootcmd=sf probe 0;sf read 0x82000000 0x100000 0x400000;bootm 0x82000000
stdin=serial
stdout=serial
stderr=serial
verify=n
ver=U-Boot 2010.06 (Aug 03 2019 - 11:01:00)

Environment size: 427/262140 bytes

